app/matching/page.tsx(39,67): error TS2339: Property 'brand' does not exist on type '{ id: number; name: string; createdAt: Date; category: string; description: string; imagePath: string | null; }'.
app/matching/page.tsx(40,70): error TS2339: Property 'brand' does not exist on type '{ id: number; name: string; createdAt: Date; category: string; description: string; imagePath: string | null; }'.
app/matching/page.tsx(49,27): error TS2339: Property 'color' does not exist on type '{ id: number; name: string; createdAt: Date; category: string; description: string; imagePath: string | null; }'.
app/matching/page.tsx(49,47): error TS2339: Property 'color' does not exist on type '{ id: number; name: string; createdAt: Date; category: string; description: string; imagePath: string | null; }'.
app/matching/page.tsx(50,27): error TS2339: Property 'color' does not exist on type '{ id: number; name: string; createdAt: Date; category: string; description: string; imagePath: string | null; }'.
app/matching/page.tsx(50,62): error TS2339: Property 'color' does not exist on type '{ id: number; name: string; createdAt: Date; category: string; description: string; imagePath: string | null; }'.
app/matching/page.tsx(86,42): error TS2339: Property 'color' does not exist on type '{ id: number; name: string; createdAt: Date; category: string; description: string; imagePath: string | null; }'.
app/matching/page.tsx(87,42): error TS2339: Property 'brand' does not exist on type '{ id: number; name: string; createdAt: Date; category: string; description: string; imagePath: string | null; }'.
app/matching/page.tsx(94,43): error TS2339: Property 'color' does not exist on type '{ id: number; name: string; createdAt: Date; category: string; description: string; imagePath: string | null; }'.
app/matching/page.tsx(95,43): error TS2339: Property 'brand' does not exist on type '{ id: number; name: string; createdAt: Date; category: string; description: string; imagePath: string | null; }'.
lib/matching.ts(48,65): error TS2339: Property 'brand' does not exist on type '{ id: number; name: string; createdAt: Date; category: string; description: string; imagePath: string | null; }'.
lib/matching.ts(49,74): error TS2339: Property 'brand' does not exist on type '{ id: number; name: string; createdAt: Date; category: string; description: string; imagePath: string | null; }'.
lib/matching.ts(57,25): error TS2339: Property 'color' does not exist on type '{ id: number; name: string; createdAt: Date; category: string; description: string; imagePath: string | null; }'.
lib/matching.ts(57,49): error TS2339: Property 'color' does not exist on type '{ id: number; name: string; createdAt: Date; category: string; description: string; imagePath: string | null; }'.
lib/matching.ts(58,25): error TS2339: Property 'color' does not exist on type '{ id: number; name: string; createdAt: Date; category: string; description: string; imagePath: string | null; }'.
lib/matching.ts(58,64): error TS2339: Property 'color' does not exist on type '{ id: number; name: string; createdAt: Date; category: string; description: string; imagePath: string | null; }'.
